scure file 
user name: hala hala 
user passward: 123456
